[36mvite v5.4.21 [32mbuilding for production...[36m[39m
transforming...
[32m鉁?[39m 3193 modules transformed.
node : Generated an empty chunk: "dayjs-vendor".
所在位置 行:1 字符: 1
+ node node_modules/vite/bin/vite.js build > build_output.txt 2>&1; Get ...
+ ~~~~~~~~~~~~~~~~~~~~~~~~~~~~~~~~~~~~~~~~~~~~~~~~~~~~~~~~~~~~~~~~
    + CategoryInfo          : NotSpecified: (Generated an em..."dayjs-vendor". 
   :String) [], RemoteException
    + FullyQualifiedErrorId : NativeCommandError
 
rendering chunks...
computing gzip size...
[2mdist/[22m[32mindex.html                        [39m[1m[2m    0.63 kB[22m[1m[22m[2m 鈹?gzip:   0.40 kB[22m
[2mdist/[22m[35massets/index-Dwft-VQy.css         [39m[1m[2m    1.05 kB[22m[1m[22m[2m 鈹?gzip:   0.41 kB[22m
[2mdist/[22m[36massets/dayjs-vendor-l0sNRNKZ.js   [39m[1m[2m    0.00 kB[22m[1m[22m[2m 鈹?gzip:   0.02 kB[22m
[2mdist/[22m[36massets/react-vendor-CHNQQ0t-.js   [39m[1m[2m    0.04 kB[22m[1m[22m[2m 鈹?gzip:   0.06 kB[22m
[2mdist/[22m[36massets/router-vendor-CT37SP8q.js  [39m[1m[2m   20.66 kB[22m[1m[22m[2m 鈹?gzip:   7.72 kB[22m
[2mdist/[22m[36massets/index-9LuBwdxP.js          [39m[1m[2m  541.87 kB[22m[1m[22m[2m 鈹?gzip: 122.94 kB[22m
[2mdist/[22m[36massets/antd-vendor-DFTmmx4L.js    [39m[1m[2m1,219.30 kB[22m[1m[22m[2m 鈹?gzip: 383.13 kB[22m
[32m鉁?built in 20.11s[39m
